// Vitest Snapshot v1, https://vitest.dev/guide/snapshot.html

exports[`Analyzer > matches snapshot 1`] = `
<DocumentFragment>
  <div
    class="analyzer-result fade-in slide-up"
    style="padding-top: var(--space-md);"
  >
    <header
      class="page-header mb-xl"
    >
      <div
        class="d-flex items-center gap-2 mb-xs"
      >
        <svg
          aria-hidden="true"
          class="lucide lucide-layout-panel-left text-accent"
          fill="none"
          height="16"
          stroke="currentColor"
          stroke-linecap="round"
          stroke-linejoin="round"
          stroke-width="2"
          viewBox="0 0 24 24"
          width="16"
          xmlns="http://www.w3.org/2000/svg"
        >
          <rect
            height="18"
            rx="1"
            width="7"
            x="3"
            y="3"
          />
          <rect
            height="7"
            rx="1"
            width="7"
            x="14"
            y="3"
          />
          <rect
            height="7"
            rx="1"
            width="7"
            x="14"
            y="14"
          />
        </svg>
        <span
          class="page-header__eyebrow"
        >
          PERFORMANCE INDEX / Q1 2024
        </span>
      </div>
      <h1
        class="page-header__title"
      >
        Financial Performance 
        <span
          class="page-header__accent"
        >
          Intelligence Overview.
        </span>
      </h1>
      <div
        class="page-header__meta d-flex items-center gap-6"
        style="margin-top: 32px;"
      >
        <div
          class="d-flex items-center gap-2 text-secondary"
          style="font-size: 13px; font-weight: 600;"
        >
          <svg
            aria-hidden="true"
            class="lucide lucide-hash text-muted"
            fill="none"
            height="14"
            stroke="currentColor"
            stroke-linecap="round"
            stroke-linejoin="round"
            stroke-width="2"
            viewBox="0 0 24 24"
            width="14"
            xmlns="http://www.w3.org/2000/svg"
          >
            <line
              x1="4"
              x2="20"
              y1="9"
              y2="9"
            />
            <line
              x1="4"
              x2="20"
              y1="15"
              y2="15"
            />
            <line
              x1="10"
              x2="8"
              y1="3"
              y2="21"
            />
            <line
              x1="16"
              x2="14"
              y1="3"
              y2="21"
            />
          </svg>
          <span>
            ID: INCOME_STATEMENT
          </span>
        </div>
        <div
          class="d-flex items-center gap-2 text-secondary"
          style="font-size: 13px; font-weight: 600;"
        >
          <svg
            aria-hidden="true"
            class="lucide lucide-cpu text-muted"
            fill="none"
            height="14"
            stroke="currentColor"
            stroke-linecap="round"
            stroke-linejoin="round"
            stroke-width="2"
            viewBox="0 0 24 24"
            width="14"
            xmlns="http://www.w3.org/2000/svg"
          >
            <path
              d="M12 20v2"
            />
            <path
              d="M12 2v2"
            />
            <path
              d="M17 20v2"
            />
            <path
              d="M17 2v2"
            />
            <path
              d="M2 12h2"
            />
            <path
              d="M2 17h2"
            />
            <path
              d="M2 7h2"
            />
            <path
              d="M20 12h2"
            />
            <path
              d="M20 17h2"
            />
            <path
              d="M20 7h2"
            />
            <path
              d="M7 20v2"
            />
            <path
              d="M7 2v2"
            />
            <rect
              height="16"
              rx="2"
              width="16"
              x="4"
              y="4"
            />
            <rect
              height="8"
              rx="1"
              width="8"
              x="8"
              y="8"
            />
          </svg>
          <span>
            ENGINE: advanced v2.1
          </span>
        </div>
      </div>
    </header>
    <div
      data-testid="kpi-cards"
    >
      1
    </div>
    <div
      class="grid-cols-12 mb-xl"
    >
      <div
        class="col-span-8"
      >
        <div
          data-testid="trend-chart"
        >
          1
        </div>
        <div
          data-testid="ai-summary"
        >
          Test summary
        </div>
      </div>
      <div
        class="col-span-4 d-flex flex-column gap-6"
      >
        <div
          data-testid="risk-cards"
        >
          1
        </div>
        <div
          data-testid="recommendations"
        >
          1
        </div>
      </div>
    </div>
    <div
      class="col-span-12"
    >
      <div
        data-testid="data-preview"
      >
        1
      </div>
    </div>
  </div>
</DocumentFragment>
`;
